<html>
<body>
<pre>
<h1>µVision Build Log</h1>
<h2>Tool Versions:</h2>
IDE-Version: £gVision V5.14.2
Copyright (C) 2015 ARM Ltd and ARM Germany GmbH. All rights reserved.
License Information: YH YH, YH, LIC=GMZI6-DIZWL-CXYU6-DHB9I-R77GQ-GNR08
 
Tool Versions:
Toolchain:       MDK-ARM Standard  Version: 5.25.2.0
Toolchain Path:  D:\Keil_v5\ARM\ARMCC\Bin
C Compiler:      Armcc.exe V5.06 update 6 (build 750)
Assembler:       Armasm.exe V5.06 update 6 (build 750)
Linker/Locator:  ArmLink.exe V5.06 update 6 (build 750)
Library Manager: ArmAr.exe V5.06 update 6 (build 750)
Hex Converter:   FromElf.exe V5.06 update 6 (build 750)
CPU DLL:         SARMCM3.DLL V5.25.2.0
Dialog DLL:      DARMSTM.DLL V1.68.0.0
Target DLL:      STLink\ST-LINKIII-KEIL_SWO.dll V3.0.1.0
Dialog DLL:      TARMSTM.DLL V1.66.0.0
 
<h2>Project:</h2>
d:\prog\STM32\stm32f103smallplate\stm32\New_Design\Externel_interupt\Project\Externel_interupt.uvprojx
Project File Date:  10/27/2024

<h2>Output:</h2>
*** Using Compiler 'V5.06 update 6 (build 750)', folder: 'D:\Keil_v5\ARM\ARMCC\Bin'
Build target 'Externel_interupt'
compiling exti.c...
compiling key.c...
linking...
Program Size: Code=5028 RO-data=268 RW-data=52 ZI-data=1228  
FromELF: creating hex file...
".\Output\UART.elf" - 0 Error(s), 0 Warning(s).

<h2>Collection of Component include folders:</h2>
  d:\prog\STM32\stm32f103smallplate\stm32\New_Design\Externel_interupt\Project\RTE
  D:\Keil_v5\ARM\PACK\Keil\STM32F1xx_DFP\2.3.0\Device\Include

<h2>Collection of Component Files used:</h2>
</pre>
</body>
</html>
